
> portfolio@0.1.0 build
> next build

Γû▓ Next.js 16.2.2 (Turbopack)

  Creating an optimized production build ...
node.exe : Error: Cannot 
apply unknown utility 
class `bg-background`
At line:1 char:1
+ & "C:\nvm4w\nodejs/node.
exe" "C:\nvm4w\nodejs/node
_modules/npm/bin/np ...
+ ~~~~~~~~~~~~~~~~~~~~~~~~
~~~~~~~~~~~~~~~~~~~~~~~~~~
~~~~~~~~~~~~~~~~~~~
    + CategoryInfo        
      : NotSpecified: (E  
  rror: Cannot a...`bg-   
 background`:String) [    
], RemoteException
    + FullyQualifiedError 
   Id : NativeCommandErr  
  or
 
    [2m[at 
onInvalidCandidate (D:\Pro
jects\Portfolio\node_modul
es\tailwindcss\dist\lib.js
:21:1511)][0m
    [2m[at Ee (D:\Project
s\Portfolio\node_modules\t
ailwindcss\dist\lib.js:16:
37066)][0m
    [2m[at D:\Projects\Po
rtfolio\node_modules\tailw
indcss\dist\lib.js:21:355]
[0m
    [2m[at _r (D:\Project
s\Portfolio\node_modules\t
ailwindcss\dist\lib.js:3:1
733)][0m
    [2m[at I (D:\Projects
\Portfolio\node_modules\ta
ilwindcss\dist\lib.js:3:13
77)][0m
    [2m[at Te (D:\Project
s\Portfolio\node_modules\t
ailwindcss\dist\lib.js:21:
172)][0m
    [2m[at mn (D:\Project
s\Portfolio\node_modules\t
ailwindcss\dist\lib.js:38:
294)][0m
    [2m[at async gn (D:\P
rojects\Portfolio\node_mod
ules\tailwindcss\dist\lib.
js:38:631)][0m
    [2m[at async Xr (D:\P
rojects\Portfolio\node_mod
ules\@tailwindcss\node\dis
t\index.js:10:3416)][0m
    [2m[at async N (D:\Pr
ojects\Portfolio\node_modu
les\@tailwindcss\postcss\d
ist\index.js:10:3979)][0m

> Build error occurred
Error: Turbopack build 
failed with 9 errors:
./src/app/globals.css
Error evaluating Node.js 
code
CssSyntaxError: 
tailwindcss: D:\Projects\P
ortfolio\src\app\globals.c
ss:1:1: Cannot apply 
unknown utility class 
`bg-background`
    at Input.error (node_m
odules/postcss/lib/input.j
s:135:16) [D:\Projects\Por
tfolio\.next\build\chunks\
node_modules_13sb.px._.js:
4651:22]
    at error (node_modules
/postcss/lib/node.js:146:3
2) [D:\Projects\Portfolio\
.next\build\chunks\node_mo
dules_13sb.px._.js:928:38]
    [at Object.Once (D:\Pr
ojects\Portfolio\node_modu
les\@tailwindcss\postcss\d
ist\index.js:10:6913)]
    at async 
LazyResult.runAsync (node_
modules/postcss/lib/lazy-r
esult.js:293:11) [D:\Proje
cts\Portfolio\.next\build\
chunks\node_modules_13sb.p
x._.js:6214:21]
    at async transform (tu
rbopack:///[turbopack-node
]/transforms/postcss.ts:70
:34) [D:\Projects\Portfoli
o\.next\build\chunks\[root
-of-the-server]__0d-m0h0._
.js:146:36]
    at async run (turbopac
k:///[turbopack-node]/chil
d_process/evaluate.ts:89:2
3) [D:\Projects\Portfolio\
.next\build\chunks\[root-o
f-the-server]__0ubbtyl._.j
s:443:31]

Import trace:
  Client Component 
Browser:
    ./src/app/globals.css 
[Client Component Browser]
    ./src/app/layout.tsx 
[Server Component]


./src/components/Contact.t
sx:5:1
Export Facebook doesn't 
exist in target module
  [90m3 |[0m ... 
[33mReact[0m, { 
useState } [36mfrom[0m 
[32m'react'[0m;
  [90m4 |[0m ... { 
motion } [36mfrom[0m 
[32m'framer-motion'[0m;
[31m[1m>[0m [90m5 
|[0m ... { 
[33mSend[0m, 
[33mMail[0m, 
[33mMapPin[0m, 
[33mPhone[0m, 
[33mGithub[0m, 
[33mLinkedin[0m, 
[33mFacebook[0m, 
[33mMessageSquare[0m } 
[36mfrom[0m 
[32m'lucide-r...[0m
  [90m  |[0m    [31m[1
m^^^^^^^^^^^^^^^^^^^^^^^^^
^^^^^^^^^^^^^^^^^^^^^^^^^^
^^^^^^^^^^^^^^^^^^^^^^^^^^
^^^^^^^^^^^^^^[0m
  [90m6 |[0m ...
  [90m7 |[0m ... 
[36mdefault[0m 
[36mfunction[0m 
[33mContact[0m() {
  [90m8 |[0m 
...[36mt[0m [formState, 
setFormState] = 
useState({ name: 
[32m''[0m, email: 
[32m''[0m, message: 
[32m''[0m });

The export Facebook was 
not found in module [proje
ct]/node_modules/lucide-re
act/dist/esm/lucide-react.
js [app-client] 
(ecmascript).
Did you mean to import 
Webhook?
All exports of the module 
are statically known (It 
doesn't have dynamic 
exports). So it's known 
statically that the 
requested export doesn't 
exist.

Import trace:
  Server Component:
    ./src/components/Conta
ct.tsx
    ./src/app/page.tsx


./src/components/Contact.t
sx:5:1
Export Facebook doesn't 
exist in target module
  [90m3 |[0m ... 
[33mReact[0m, { 
useState } [36mfrom[0m 
[32m'react'[0m;
  [90m4 |[0m ... { 
motion } [36mfrom[0m 
[32m'framer-motion'[0m;
[31m[1m>[0m [90m5 
|[0m ... { 
[33mSend[0m, 
[33mMail[0m, 
[33mMapPin[0m, 
[33mPhone[0m, 
[33mGithub[0m, 
[33mLinkedin[0m, 
[33mFacebook[0m, 
[33mMessageSquare[0m } 
[36mfrom[0m 
[32m'lucide-r...[0m
  [90m  |[0m    [31m[1
m^^^^^^^^^^^^^^^^^^^^^^^^^
^^^^^^^^^^^^^^^^^^^^^^^^^^
^^^^^^^^^^^^^^^^^^^^^^^^^^
^^^^^^^^^^^^^^[0m
  [90m6 |[0m ...
  [90m7 |[0m ... 
[36mdefault[0m 
[36mfunction[0m 
[33mContact[0m() {
  [90m8 |[0m 
...[36mt[0m [formState, 
setFormState] = 
useState({ name: 
[32m''[0m, email: 
[32m''[0m, message: 
[32m''[0m });

The export Facebook was 
not found in module [proje
ct]/node_modules/lucide-re
act/dist/esm/lucide-react.
js [app-ssr] (ecmascript).
Did you mean to import 
Webhook?
All exports of the module 
are statically known (It 
doesn't have dynamic 
exports). So it's known 
statically that the 
requested export doesn't 
exist.

Import trace:
  Server Component:
    ./src/components/Conta
ct.tsx
    ./src/app/page.tsx


./src/components/Contact.t
sx:5:1
Export Github doesn't 
exist in target module
  [90m3 |[0m ... 
[33mReact[0m, { 
useState } [36mfrom[0m 
[32m'react'[0m;
  [90m4 |[0m ... { 
motion } [36mfrom[0m 
[32m'framer-motion'[0m;
[31m[1m>[0m [90m5 
|[0m ... { 
[33mSend[0m, 
[33mMail[0m, 
[33mMapPin[0m, 
[33mPhone[0m, 
[33mGithub[0m, 
[33mLinkedin[0m, 
[33mFacebook[0m, 
[33mMessageSquare[0m } 
[36mfrom[0m 
[32m'lucide-r...[0m
  [90m  |[0m    [31m[1
m^^^^^^^^^^^^^^^^^^^^^^^^^
^^^^^^^^^^^^^^^^^^^^^^^^^^
^^^^^^^^^^^^^^^^^^^^^^^^^^
^^^^^^^^^^^^^^[0m
  [90m6 |[0m ...
  [90m7 |[0m ... 
[36mdefault[0m 
[36mfunction[0m 
[33mContact[0m() {
  [90m8 |[0m 
...[36mt[0m [formState, 
setFormState] = 
useState({ name: 
[32m''[0m, email: 
[32m''[0m, message: 
[32m''[0m });

The export Github was not 
found in module [project]/
node_modules/lucide-react/
dist/esm/lucide-react.js 
[app-client] (ecmascript).
Did you mean to import 
Gift?
All exports of the module 
are statically known (It 
doesn't have dynamic 
exports). So it's known 
statically that the 
requested export doesn't 
exist.

Import trace:
  Server Component:
    ./src/components/Conta
ct.tsx
    ./src/app/page.tsx


./src/components/Contact.t
sx:5:1
Export Github doesn't 
exist in target module
  [90m3 |[0m ... 
[33mReact[0m, { 
useState } [36mfrom[0m 
[32m'react'[0m;
  [90m4 |[0m ... { 
motion } [36mfrom[0m 
[32m'framer-motion'[0m;
[31m[1m>[0m [90m5 
|[0m ... { 
[33mSend[0m, 
[33mMail[0m, 
[33mMapPin[0m, 
[33mPhone[0m, 
[33mGithub[0m, 
[33mLinkedin[0m, 
[33mFacebook[0m, 
[33mMessageSquare[0m } 
[36mfrom[0m 
[32m'lucide-r...[0m
  [90m  |[0m    [31m[1
m^^^^^^^^^^^^^^^^^^^^^^^^^
^^^^^^^^^^^^^^^^^^^^^^^^^^
^^^^^^^^^^^^^^^^^^^^^^^^^^
^^^^^^^^^^^^^^[0m
  [90m6 |[0m ...
  [90m7 |[0m ... 
[36mdefault[0m 
[36mfunction[0m 
[33mContact[0m() {
  [90m8 |[0m 
...[36mt[0m [formState, 
setFormState] = 
useState({ name: 
[32m''[0m, email: 
[32m''[0m, message: 
[32m''[0m });

The export Github was not 
found in module [project]/
node_modules/lucide-react/
dist/esm/lucide-react.js 
[app-ssr] (ecmascript).
Did you mean to import 
Gift?
All exports of the module 
are statically known (It 
doesn't have dynamic 
exports). So it's known 
statically that the 
requested export doesn't 
exist.

Import trace:
  Server Component:
    ./src/components/Conta
ct.tsx
    ./src/app/page.tsx


./src/components/Projects.
tsx:5:1
Export Github doesn't 
exist in target module
  [90m3 |[0m 
[36mimport[0m 
[33mReact[0m 
[36mfrom[0m 
[32m'react'[0m;
  [90m4 |[0m 
[36mimport[0m { motion 
} [36mfrom[0m 
[32m'framer-motion'[0m;
[31m[1m>[0m [90m5 
|[0m [36mimport[0m { 
[33mGithub[0m, 
[33mExternalLink[0m, 
[33mBox[0m, 
[33mLayers[0m, 
[33mCode2[0m } 
[36mfrom[0m 
[32m'lucide-react'[0m;
  [90m  |[0m [31m[1m^^
^^^^^^^^^^^^^^^^^^^^^^^^^^
^^^^^^^^^^^^^^^^^^^^^^^^^^
^^^^^^^^^^^^^^^^^^[0m
  [90m6 |[0m
  [90m7 |[0m 
[36mconst[0m projects = 
[
  [90m8 |[0m   {

The export Github was not 
found in module [project]/
node_modules/lucide-react/
dist/esm/lucide-react.js 
[app-client] (ecmascript).
Did you mean to import 
Gift?
All exports of the module 
are statically known (It 
doesn't have dynamic 
exports). So it's known 
statically that the 
requested export doesn't 
exist.

Import trace:
  Server Component:
    ./src/components/Proje
cts.tsx
    ./src/app/page.tsx


./src/components/Projects.
tsx:5:1
Export Github doesn't 
exist in target module
  [90m3 |[0m 
[36mimport[0m 
[33mReact[0m 
[36mfrom[0m 
[32m'react'[0m;
  [90m4 |[0m 
[36mimport[0m { motion 
} [36mfrom[0m 
[32m'framer-motion'[0m;
[31m[1m>[0m [90m5 
|[0m [36mimport[0m { 
[33mGithub[0m, 
[33mExternalLink[0m, 
[33mBox[0m, 
[33mLayers[0m, 
[33mCode2[0m } 
[36mfrom[0m 
[32m'lucide-react'[0m;
  [90m  |[0m [31m[1m^^
^^^^^^^^^^^^^^^^^^^^^^^^^^
^^^^^^^^^^^^^^^^^^^^^^^^^^
^^^^^^^^^^^^^^^^^^[0m
  [90m6 |[0m
  [90m7 |[0m 
[36mconst[0m projects = 
[
  [90m8 |[0m   {

The export Github was not 
found in module [project]/
node_modules/lucide-react/
dist/esm/lucide-react.js 
[app-ssr] (ecmascript).
Did you mean to import 
Gift?
All exports of the module 
are statically known (It 
doesn't have dynamic 
exports). So it's known 
statically that the 
requested export doesn't 
exist.

Import trace:
  Server Component:
    ./src/components/Proje
cts.tsx
    ./src/app/page.tsx


./src/components/Contact.t
sx:5:1
Export Linkedin doesn't 
exist in target module
  [90m3 |[0m ... 
[33mReact[0m, { 
useState } [36mfrom[0m 
[32m'react'[0m;
  [90m4 |[0m ... { 
motion } [36mfrom[0m 
[32m'framer-motion'[0m;
[31m[1m>[0m [90m5 
|[0m ... { 
[33mSend[0m, 
[33mMail[0m, 
[33mMapPin[0m, 
[33mPhone[0m, 
[33mGithub[0m, 
[33mLinkedin[0m, 
[33mFacebook[0m, 
[33mMessageSquare[0m } 
[36mfrom[0m 
[32m'lucide-r...[0m
  [90m  |[0m    [31m[1
m^^^^^^^^^^^^^^^^^^^^^^^^^
^^^^^^^^^^^^^^^^^^^^^^^^^^
^^^^^^^^^^^^^^^^^^^^^^^^^^
^^^^^^^^^^^^^^[0m
  [90m6 |[0m ...
  [90m7 |[0m ... 
[36mdefault[0m 
[36mfunction[0m 
[33mContact[0m() {
  [90m8 |[0m 
...[36mt[0m [formState, 
setFormState] = 
useState({ name: 
[32m''[0m, email: 
[32m''[0m, message: 
[32m''[0m });

The export Linkedin was 
not found in module [proje
ct]/node_modules/lucide-re
act/dist/esm/lucide-react.
js [app-client] 
(ecmascript).
Did you mean to import 
Link?
All exports of the module 
are statically known (It 
doesn't have dynamic 
exports). So it's known 
statically that the 
requested export doesn't 
exist.

Import trace:
  Server Component:
    ./src/components/Conta
ct.tsx
    ./src/app/page.tsx


./src/components/Contact.t
sx:5:1
Export Linkedin doesn't 
exist in target module
  [90m3 |[0m ... 
[33mReact[0m, { 
useState } [36mfrom[0m 
[32m'react'[0m;
  [90m4 |[0m ... { 
motion } [36mfrom[0m 
[32m'framer-motion'[0m;
[31m[1m>[0m [90m5 
|[0m ... { 
[33mSend[0m, 
[33mMail[0m, 
[33mMapPin[0m, 
[33mPhone[0m, 
[33mGithub[0m, 
[33mLinkedin[0m, 
[33mFacebook[0m, 
[33mMessageSquare[0m } 
[36mfrom[0m 
[32m'lucide-r...[0m
  [90m  |[0m    [31m[1
m^^^^^^^^^^^^^^^^^^^^^^^^^
^^^^^^^^^^^^^^^^^^^^^^^^^^
^^^^^^^^^^^^^^^^^^^^^^^^^^
^^^^^^^^^^^^^^[0m
  [90m6 |[0m ...
  [90m7 |[0m ... 
[36mdefault[0m 
[36mfunction[0m 
[33mContact[0m() {
  [90m8 |[0m 
...[36mt[0m [formState, 
setFormState] = 
useState({ name: 
[32m''[0m, email: 
[32m''[0m, message: 
[32m''[0m });

The export Linkedin was 
not found in module [proje
ct]/node_modules/lucide-re
act/dist/esm/lucide-react.
js [app-ssr] (ecmascript).
Did you mean to import 
Link?
All exports of the module 
are statically known (It 
doesn't have dynamic 
exports). So it's known 
statically that the 
requested export doesn't 
exist.

Import trace:
  Server Component:
    ./src/components/Conta
ct.tsx
    ./src/app/page.tsx


    at async transform (tu
rbopack:///[turbopack-node
]/transforms/postcss.ts:70
:34) [D:\Projects\Portfoli
o\.next\build\chunks\[root
-of-the-server]__0d-m0h0._
.js:146:36])
    at async run (turbopac
k:///[turbopack-node]/chil
d_process/evaluate.ts:89:2
3) [D:\Projects\Portfolio\
.next\build\chunks\[root-o
f-the-server]__0ubbtyl._.j
s:443:31])
    at <unknown> (./src/co
mponents/Contact.tsx:5:1)
    at <unknown> (./src/co
mponents/Contact.tsx:5:1)
    at <unknown> (./src/co
mponents/Contact.tsx:5:1)
    at <unknown> (./src/co
mponents/Contact.tsx:5:1)
    at <unknown> (./src/co
mponents/Projects.tsx:5:1)
    at <unknown> (./src/co
mponents/Projects.tsx:5:1)
    at <unknown> (./src/co
mponents/Contact.tsx:5:1)
    at <unknown> (./src/co
mponents/Contact.tsx:5:1)
